// Vitest Snapshot v1, https://vitest.dev/guide/snapshot.html

exports[`transform > should transform className with cn/cx/clsx 1`] = `
"const ButtonCn: React.FC<ButtonProps> = ({ children, intent, className }) => {
        return <button className={cn({ danger: "kf-5a7355a7", 'success': "kf-c14c13cf" }[intent])}>{children}</button>;
      }
      
      const ButtonCx: React.FC<ButtonProps> = ({ children, intent, className }) => {
        return <button className={cx({ danger: "kf-5a7355a7", 'success': "kf-c14c13cf" }[intent])}>{children}</button>;
      }
      
      const ButtonClsx: React.FC<ButtonProps> = ({ children, intent, className }) => {
        return <button className={clsx({ danger: "kf-5a7355a7", 'success': "kf-c14c13cf" }[intent])}>{children}</button>;
      }"
`;
