// Vitest Snapshot v1, https://vitest.dev/guide/snapshot.html

exports[`transform > should transform cva correctly 1`] = `
"const button = cva({
        base: "kf-7e77acd4",
        variants: {
          intent: {
            primary: [
              "kf-44eeb93b",
              "kf-5e9a40ae",
              "kf-e9c0d2f3",
              "kf-d8b3f644",
            ],
            secondary: "kf-6537e500",
          },
          size: {
            small: "kf-716a7c80",
            medium: "kf-3f348faf",
          },
        },
        compoundVariants: [
          {
            intent: "primary",
            size: "medium",
            className: "kf-d2cf63c7"
          },
        ],
        defaultVariants: {
          intent: "primary",
          size: "medium",
        },
      });
      
      const Button: React.FC<ButtonProps> = ({ children, intent, size = 'sm', className }) => {
        return <button className={button({ intent: 'primary', size, className: ["kf-5e9a40ae", className] })}>{children}</button>;
      }
      
      const ButtonLink: React.FC<LinkProps> = ({ children, intent, size, className }) => {
        return <a className={button({ intent, size: 'sm', className })}>{children}</a>
      }"
`;
